// Jest Snapshot v1, https://goo.gl/fbAQLP

exports[`piece unit test snapshot(black) 1`] = `
<span
  className="sc-beySbM ejsooN"
  color="#000"
/>
`;

exports[`piece unit test snapshot(clickable) 1`] = `
<span
  className="sc-beySbM fArHFv"
  color="#38A34B"
  data-cy="clickable"
  onClick={[Function]}
/>
`;

exports[`piece unit test snapshot(white) 1`] = `
<span
  className="sc-beySbM bGJJsX"
  color="#fff"
/>
`;
